2026-07-31 08:30:21.031 INFO  [main] o.h.v.internal.util.Version - HV000001: Hibernate Validator 9.0.1.Final
2026-07-31 08:30:21.519 INFO  [main] c.e.u.s.UrlShortenerService - Shorten request UrlShortenRequest[url=bad_url]
2026-07-31 08:30:21.733 INFO  [main] c.e.u.s.UrlShortenerService - Shorten request UrlShortenRequest[url=https://www.example.com]
2026-07-31 08:30:21.764 INFO  [main] c.e.u.s.UrlShortenerService - Shorten request UrlShortenRequest[url=]
2026-07-31 08:30:21.827 INFO  [main] c.e.u.s.UrlShortenerService - Shorten request UrlShortenRequest[url=https://www.example.com]
2026-07-31 08:30:23.058 INFO  [main] o.flywaydb.core.FlywayExecutor - Database: jdbc:postgresql://localhost:5432/url_shortener_test (PostgreSQL 16.14)
2026-07-31 08:30:23.118 INFO  [main] o.f.c.i.s.JdbcTableSchemaHistory - Schema history table "public"."flyway_schema_history" does not exist yet
2026-07-31 08:30:23.121 INFO  [main] o.f.c.i.c.clean.CleanExecutor - Successfully dropped pre-schema database level objects (execution time 00:00.001s)
2026-07-31 08:30:23.163 INFO  [main] o.f.c.i.c.clean.CleanExecutor - Successfully cleaned schema "public" (execution time 00:00.038s)
2026-07-31 08:30:23.187 INFO  [main] o.f.c.i.c.clean.CleanExecutor - Successfully cleaned schema "public" (execution time 00:00.023s)
2026-07-31 08:30:23.188 INFO  [main] o.f.c.i.c.clean.CleanExecutor - Successfully dropped post-schema database level objects (execution time 00:00.000s)
2026-07-31 08:30:23.492 INFO  [main] o.f.c.i.s.JdbcTableSchemaHistory - Schema history table "public"."flyway_schema_history" does not exist yet
2026-07-31 08:30:23.499 INFO  [main] o.f.c.i.command.DbValidate - Successfully validated 1 migration (execution time 00:00.040s)
2026-07-31 08:30:23.535 INFO  [main] o.f.c.i.s.JdbcTableSchemaHistory - Creating Schema History table "public"."flyway_schema_history" ...
2026-07-31 08:30:23.683 INFO  [main] o.f.c.i.command.DbMigrate - Current version of schema "public": << Empty Schema >>
2026-07-31 08:30:23.710 INFO  [main] o.f.c.i.command.DbMigrate - Migrating schema "public" to version "1 - create urls table"
2026-07-31 08:30:23.792 INFO  [main] o.f.c.i.command.DbMigrate - Successfully applied 1 migration to schema "public", now at version v1 (execution time 00:00.038s)
2026-07-31 08:30:24.120 INFO  [vert.x-eventloop-thread-1] c.e.u.verticles.MainVerticle - Configs loaded {
  "database" : {
    "host" : "localhost",
    "port" : 5432,
    "database" : "url_shortener_test",
    "user" : "postgres",
    "password" : "password"
  },
  "http" : {
    "port" : 8080
  }
}
2026-07-31 08:30:24.511 INFO  [vert.x-eventloop-thread-2] c.e.u.v.DatabaseVerticle - PostgresVerticle started
2026-07-31 08:30:24.579 INFO  [vert.x-eventloop-thread-3] c.e.u.verticles.HttpVerticle - Http server started listening on: 8080
2026-07-31 08:30:24.581 INFO  [vert.x-eventloop-thread-1] c.e.u.verticles.MainVerticle - Application Started successully 3
2026-07-31 08:30:24.741 INFO  [vert.x-eventloop-thread-2] c.e.u.v.DatabaseVerticle - Ping health check
2026-07-31 08:30:24.750 INFO  [vert.x-eventloop-thread-3] c.e.u.m.LoggingHandler - GET /api/health 200 16ms
2026-07-31 08:30:24.838 INFO  [vert.x-eventloop-thread-1] c.e.u.verticles.MainVerticle - Configs loaded {
  "database" : {
    "host" : "localhost",
    "port" : 5432,
    "database" : "url_shortener_test",
    "user" : "postgres",
    "password" : "password"
  },
  "http" : {
    "port" : 8080
  }
}
2026-07-31 08:30:24.870 INFO  [vert.x-eventloop-thread-2] c.e.u.v.DatabaseVerticle - PostgresVerticle started
2026-07-31 08:30:24.880 INFO  [vert.x-eventloop-thread-3] c.e.u.verticles.HttpVerticle - Http server started listening on: 8080
2026-07-31 08:30:24.881 INFO  [vert.x-eventloop-thread-1] c.e.u.verticles.MainVerticle - Application Started successully 6
2026-07-31 08:30:24.895 INFO  [vert.x-eventloop-thread-3] c.e.u.m.LoggingHandler - GET /api/resolve/ 404 1ms
2026-07-31 08:30:24.939 INFO  [vert.x-eventloop-thread-1] c.e.u.verticles.MainVerticle - Configs loaded {
  "database" : {
    "host" : "localhost",
    "port" : 5432,
    "database" : "url_shortener_test",
    "user" : "postgres",
    "password" : "password"
  },
  "http" : {
    "port" : 8080
  }
}
2026-07-31 08:30:24.955 INFO  [vert.x-eventloop-thread-2] c.e.u.v.DatabaseVerticle - PostgresVerticle started
2026-07-31 08:30:24.962 INFO  [vert.x-eventloop-thread-3] c.e.u.verticles.HttpVerticle - Http server started listening on: 8080
2026-07-31 08:30:24.963 INFO  [vert.x-eventloop-thread-1] c.e.u.verticles.MainVerticle - Application Started successully 9
2026-07-31 08:30:24.974 INFO  [vert.x-eventloop-thread-3] c.e.u.s.UrlShortenerService - Shorten request UrlShortenRequest[url=null]
2026-07-31 08:30:24.982 ERROR [vert.x-eventloop-thread-3] c.e.u.middleware.ErrorHandler - [Ljava.lang.StackTraceElement;@3dce032f
2026-07-31 08:30:24.983 ERROR [vert.x-eventloop-thread-3] c.e.u.middleware.ErrorHandler - jakarta.validation.ValidationException
2026-07-31 08:30:24.983 INFO  [vert.x-eventloop-thread-3] c.e.u.m.LoggingHandler - POST /api/shorten 400 9ms
2026-07-31 08:30:25.032 INFO  [vert.x-eventloop-thread-1] c.e.u.verticles.MainVerticle - Configs loaded {
  "database" : {
    "host" : "localhost",
    "port" : 5432,
    "database" : "url_shortener_test",
    "user" : "postgres",
    "password" : "password"
  },
  "http" : {
    "port" : 8080
  }
}
2026-07-31 08:30:25.058 INFO  [vert.x-eventloop-thread-2] c.e.u.v.DatabaseVerticle - PostgresVerticle started
2026-07-31 08:30:25.064 INFO  [vert.x-eventloop-thread-3] c.e.u.verticles.HttpVerticle - Http server started listening on: 8080
2026-07-31 08:30:25.065 INFO  [vert.x-eventloop-thread-1] c.e.u.verticles.MainVerticle - Application Started successully 12
2026-07-31 08:30:25.074 INFO  [vert.x-eventloop-thread-3] c.e.u.s.UrlShortenerService - Shorten request UrlShortenRequest[url=https://www.example.com]
2026-07-31 08:30:25.082 INFO  [vert.x-eventloop-thread-2] c.e.u.v.DatabaseVerticle - saving Url:https://www.example.com
2026-07-31 08:30:25.094 INFO  [vert.x-eventloop-thread-3] c.e.u.m.LoggingHandler - POST /api/shorten 200 20ms
2026-07-31 08:30:25.130 INFO  [vert.x-eventloop-thread-1] c.e.u.verticles.MainVerticle - Configs loaded {
  "database" : {
    "host" : "localhost",
    "port" : 5432,
    "database" : "url_shortener_test",
    "user" : "postgres",
    "password" : "password"
  },
  "http" : {
    "port" : 8080
  }
}
2026-07-31 08:30:25.150 INFO  [vert.x-eventloop-thread-2] c.e.u.v.DatabaseVerticle - PostgresVerticle started
2026-07-31 08:30:25.161 INFO  [vert.x-eventloop-thread-3] c.e.u.verticles.HttpVerticle - Http server started listening on: 8080
2026-07-31 08:30:25.162 INFO  [vert.x-eventloop-thread-1] c.e.u.verticles.MainVerticle - Application Started successully 15
2026-07-31 08:30:25.170 INFO  [vert.x-eventloop-thread-2] c.e.u.v.DatabaseVerticle - Ping health check
2026-07-31 08:30:25.173 INFO  [vert.x-eventloop-thread-3] c.e.u.m.LoggingHandler - GET /api/health 200 3ms
2026-07-31 08:30:25.264 INFO  [main] o.flywaydb.core.FlywayExecutor - Database: jdbc:postgresql://localhost:5432/url_shortener_test (PostgreSQL 16.14)
2026-07-31 08:30:25.281 INFO  [main] o.f.c.i.c.clean.CleanExecutor - Successfully dropped pre-schema database level objects (execution time 00:00.000s)
2026-07-31 08:30:25.325 INFO  [main] o.f.c.i.c.clean.CleanExecutor - Successfully cleaned schema "public" (execution time 00:00.041s)
2026-07-31 08:30:25.356 INFO  [main] o.f.c.i.c.clean.CleanExecutor - Successfully cleaned schema "public" (execution time 00:00.027s)
2026-07-31 08:30:25.356 INFO  [main] o.f.c.i.c.clean.CleanExecutor - Successfully dropped post-schema database level objects (execution time 00:00.000s)
2026-07-31 08:33:15.875 INFO  [main] o.h.v.internal.util.Version - HV000001: Hibernate Validator 9.0.1.Final
2026-07-31 08:33:16.776 INFO  [main] c.e.u.s.UrlShortenerService - Shorten request UrlShortenRequest[url=bad_url]
2026-07-31 08:33:17.446 INFO  [main] c.e.u.s.UrlShortenerService - Shorten request UrlShortenRequest[url=https://www.example.com]
2026-07-31 08:33:17.491 INFO  [main] c.e.u.s.UrlShortenerService - Shorten request UrlShortenRequest[url=]
2026-07-31 08:33:17.584 INFO  [main] c.e.u.s.UrlShortenerService - Shorten request UrlShortenRequest[url=https://www.example.com]
2026-07-31 08:33:18.836 INFO  [main] o.flywaydb.core.FlywayExecutor - Database: jdbc:postgresql://localhost:5432/url_shortener_test (PostgreSQL 16.14)
2026-07-31 08:33:18.897 INFO  [main] o.f.c.i.s.JdbcTableSchemaHistory - Schema history table "public"."flyway_schema_history" does not exist yet
2026-07-31 08:33:18.903 INFO  [main] o.f.c.i.c.clean.CleanExecutor - Successfully dropped pre-schema database level objects (execution time 00:00.000s)
2026-07-31 08:33:18.979 INFO  [main] o.f.c.i.c.clean.CleanExecutor - Successfully cleaned schema "public" (execution time 00:00.066s)
2026-07-31 08:33:19.008 INFO  [main] o.f.c.i.c.clean.CleanExecutor - Successfully cleaned schema "public" (execution time 00:00.027s)
2026-07-31 08:33:19.010 INFO  [main] o.f.c.i.c.clean.CleanExecutor - Successfully dropped post-schema database level objects (execution time 00:00.001s)
2026-07-31 08:33:19.248 INFO  [main] o.f.c.i.s.JdbcTableSchemaHistory - Schema history table "public"."flyway_schema_history" does not exist yet
2026-07-31 08:33:19.252 INFO  [main] o.f.c.i.command.DbValidate - Successfully validated 1 migration (execution time 00:00.025s)
2026-07-31 08:33:19.273 INFO  [main] o.f.c.i.s.JdbcTableSchemaHistory - Creating Schema History table "public"."flyway_schema_history" ...
2026-07-31 08:33:19.439 INFO  [main] o.f.c.i.command.DbMigrate - Current version of schema "public": << Empty Schema >>
2026-07-31 08:33:19.465 INFO  [main] o.f.c.i.command.DbMigrate - Migrating schema "public" to version "1 - create urls table"
2026-07-31 08:33:19.535 INFO  [main] o.f.c.i.command.DbMigrate - Successfully applied 1 migration to schema "public", now at version v1 (execution time 00:00.025s)
2026-07-31 08:33:20.034 INFO  [vert.x-eventloop-thread-1] c.e.u.verticles.MainVerticle - Configs loaded {
  "database" : {
    "host" : "localhost",
    "port" : 5432,
    "database" : "url_shortener_test",
    "user" : "postgres",
    "password" : "password"
  },
  "http" : {
    "port" : 8080
  }
}
2026-07-31 08:33:20.437 INFO  [vert.x-eventloop-thread-2] c.e.u.v.DatabaseVerticle - PostgresVerticle started
2026-07-31 08:33:20.512 INFO  [vert.x-eventloop-thread-3] c.e.u.verticles.HttpVerticle - Http server started listening on: 8080
2026-07-31 08:33:20.515 INFO  [vert.x-eventloop-thread-1] c.e.u.verticles.MainVerticle - Application Started successully 3
2026-07-31 08:33:20.684 INFO  [vert.x-eventloop-thread-2] c.e.u.v.DatabaseVerticle - Ping health check
2026-07-31 08:33:20.699 INFO  [vert.x-eventloop-thread-3] c.e.u.m.LoggingHandler - GET /api/health 200 20ms
2026-07-31 08:33:20.793 INFO  [vert.x-eventloop-thread-1] c.e.u.verticles.MainVerticle - Configs loaded {
  "database" : {
    "host" : "localhost",
    "port" : 5432,
    "database" : "url_shortener_test",
    "user" : "postgres",
    "password" : "password"
  },
  "http" : {
    "port" : 8080
  }
}
2026-07-31 08:33:20.836 INFO  [vert.x-eventloop-thread-2] c.e.u.v.DatabaseVerticle - PostgresVerticle started
2026-07-31 08:33:20.861 INFO  [vert.x-eventloop-thread-3] c.e.u.verticles.HttpVerticle - Http server started listening on: 8080
2026-07-31 08:33:20.862 INFO  [vert.x-eventloop-thread-1] c.e.u.verticles.MainVerticle - Application Started successully 6
2026-07-31 08:33:20.871 INFO  [vert.x-eventloop-thread-3] c.e.u.m.LoggingHandler - GET /api/resolve/ 404 1ms
2026-07-31 08:33:20.910 INFO  [vert.x-eventloop-thread-1] c.e.u.verticles.MainVerticle - Configs loaded {
  "database" : {
    "host" : "localhost",
    "port" : 5432,
    "database" : "url_shortener_test",
    "user" : "postgres",
    "password" : "password"
  },
  "http" : {
    "port" : 8080
  }
}
2026-07-31 08:33:20.969 INFO  [vert.x-eventloop-thread-2] c.e.u.v.DatabaseVerticle - PostgresVerticle started
2026-07-31 08:33:20.978 INFO  [vert.x-eventloop-thread-3] c.e.u.verticles.HttpVerticle - Http server started listening on: 8080
2026-07-31 08:33:20.979 INFO  [vert.x-eventloop-thread-1] c.e.u.verticles.MainVerticle - Application Started successully 9
2026-07-31 08:33:20.990 INFO  [vert.x-eventloop-thread-3] c.e.u.s.UrlShortenerService - Shorten request UrlShortenRequest[url=null]
2026-07-31 08:33:20.998 ERROR [vert.x-eventloop-thread-3] c.e.u.middleware.ErrorHandler - [Ljava.lang.StackTraceElement;@6f23fda0
2026-07-31 08:33:20.998 ERROR [vert.x-eventloop-thread-3] c.e.u.middleware.ErrorHandler - jakarta.validation.ValidationException
2026-07-31 08:33:20.999 INFO  [vert.x-eventloop-thread-3] c.e.u.m.LoggingHandler - POST /api/shorten 400 9ms
2026-07-31 08:33:21.070 INFO  [vert.x-eventloop-thread-1] c.e.u.verticles.MainVerticle - Configs loaded {
  "database" : {
    "host" : "localhost",
    "port" : 5432,
    "database" : "url_shortener_test",
    "user" : "postgres",
    "password" : "password"
  },
  "http" : {
    "port" : 8080
  }
}
2026-07-31 08:33:21.098 INFO  [vert.x-eventloop-thread-2] c.e.u.v.DatabaseVerticle - PostgresVerticle started
2026-07-31 08:33:21.112 INFO  [vert.x-eventloop-thread-3] c.e.u.verticles.HttpVerticle - Http server started listening on: 8080
2026-07-31 08:33:21.113 INFO  [vert.x-eventloop-thread-1] c.e.u.verticles.MainVerticle - Application Started successully 12
2026-07-31 08:33:21.121 INFO  [vert.x-eventloop-thread-3] c.e.u.s.UrlShortenerService - Shorten request UrlShortenRequest[url=https://www.example.com]
2026-07-31 08:33:21.131 INFO  [vert.x-eventloop-thread-2] c.e.u.v.DatabaseVerticle - saving Url:https://www.example.com
2026-07-31 08:33:21.149 INFO  [vert.x-eventloop-thread-3] c.e.u.m.LoggingHandler - POST /api/shorten 200 28ms
2026-07-31 08:33:21.177 INFO  [vert.x-eventloop-thread-1] c.e.u.verticles.MainVerticle - Configs loaded {
  "database" : {
    "host" : "localhost",
    "port" : 5432,
    "database" : "url_shortener_test",
    "user" : "postgres",
    "password" : "password"
  },
  "http" : {
    "port" : 8080
  }
}
2026-07-31 08:33:21.207 INFO  [vert.x-eventloop-thread-2] c.e.u.v.DatabaseVerticle - PostgresVerticle started
2026-07-31 08:33:21.221 INFO  [vert.x-eventloop-thread-3] c.e.u.verticles.HttpVerticle - Http server started listening on: 8080
2026-07-31 08:33:21.225 INFO  [vert.x-eventloop-thread-1] c.e.u.verticles.MainVerticle - Application Started successully 15
2026-07-31 08:33:21.239 INFO  [vert.x-eventloop-thread-2] c.e.u.v.DatabaseVerticle - Ping health check
2026-07-31 08:33:21.243 INFO  [vert.x-eventloop-thread-3] c.e.u.m.LoggingHandler - GET /api/health 200 4ms
2026-07-31 08:33:21.331 INFO  [main] o.flywaydb.core.FlywayExecutor - Database: jdbc:postgresql://localhost:5432/url_shortener_test (PostgreSQL 16.14)
2026-07-31 08:33:21.350 INFO  [main] o.f.c.i.c.clean.CleanExecutor - Successfully dropped pre-schema database level objects (execution time 00:00.000s)
2026-07-31 08:33:21.389 INFO  [main] o.f.c.i.c.clean.CleanExecutor - Successfully cleaned schema "public" (execution time 00:00.037s)
2026-07-31 08:33:21.411 INFO  [main] o.f.c.i.c.clean.CleanExecutor - Successfully cleaned schema "public" (execution time 00:00.021s)
2026-07-31 08:33:21.412 INFO  [main] o.f.c.i.c.clean.CleanExecutor - Successfully dropped post-schema database level objects (execution time 00:00.000s)
